Skipping target "GenerateTargetFrameworkMonikerAttribute" because all output files are up-to-date with respect to the input files.
CoreCompile:
Skipping target "CoreCompile" because all output files are up-to-date with respect to the input files.
CopyFilesToOutputDirectory:
  VelerSoftware.Design.Workspace -> C:\Users\hany_\Desktop\SoftwareZator-2012\DLL COMPILE\VelerSoftware.Design.Workspace.dll
Done Building Project "C:\Users\hany_\Desktop\SoftwareZator-2012\DLL\VelerSoftware.Design.Workspace\VelerSoftware.Design.Workspace.csproj" (default targets).
CoreResGen:
  No resources are out of date with respect to their source files. Skipping resource generation.
GenerateTargetFrameworkMonikerAttribute:
Skipping target "GenerateTargetFrameworkMonikerAttribute" because all output files are up-to-date with respect to the input files.
CoreCompile:
Skipping target "CoreCompile" because all output files are up-to-date with respect to the input files.
CopyFilesToOutputDirectory:
  VelerSoftware.Design.Design -> C:\Users\hany_\Desktop\SoftwareZator-2012\DLL COMPILE\VelerSoftware.Design.Design.dll
Done Building Project "C:\Users\hany_\Desktop\SoftwareZator-2012\DLL\VelerSoftware.Design.Design\VelerSoftware.Design.Design.csproj" (default targets).
Project "C:\Users\hany_\Desktop\SoftwareZator-2012\SoftwareZator 2012 E.P\SoftwareZator 2012.vbproj" (1) is building "C:\Users\hany_\Desktop\SoftwareZator-2012\DLL\VelerSoftware.Design.Docking\VelerSoftware.Design.Docking.csproj" (3:2) on node 1 (default targets).
CoreResGen:
  No resources are out of date with respect to their source files. Skipping resource generation.
GenerateTargetFrameworkMonikerAttribute:
Skipping target "GenerateTargetFrameworkMonikerAttribute" because all output files are up-to-date with respect to the input files.
CoreCompile:
Skipping target "CoreCompile" because all output files are up-to-date with respect to the input files.
CopyFilesToOutputDirectory:
  VelerSoftware.Design.Docking -> C:\Users\hany_\Desktop\SoftwareZator-2012\DLL COMPILE\VelerSoftware.Design.Docking.dll
Done Building Project "C:\Users\hany_\Desktop\SoftwareZator-2012\DLL\VelerSoftware.Design.Docking\VelerSoftware.Design.Docking.csproj" (default targets).
Project "C:\Users\hany_\Desktop\SoftwareZator-2012\SoftwareZator 2012 E.P\SoftwareZator 2012.vbproj" (1) is building "C:\Users\hany_\Desktop\SoftwareZator-2012\DLL\VelerSoftware.Plugins3\VelerSoftware.Plugins3.vbproj" (8:2) on node 1 (default targets).
Project "C:\Users\hany_\Desktop\SoftwareZator-2012\DLL\VelerSoftware.Plugins3\VelerSoftware.Plugins3.vbproj" (8:2) is building "C:\Users\hany_\Desktop\SoftwareZator-2012\DLL\VelerSoftware.SZC35\VelerSoftware.SZC35.csproj" (9:3) on node 1 (default targets).
MainResourcesGeneration:
Skipping target "MainResourcesGeneration" because all output files are up-to-date with respect to the input files.
GenerateTargetFrameworkMonikerAttribute:
Skipping target "GenerateTargetFrameworkMonikerAttribute" because all output files are up-to-date with respect to the input files.
CoreCompile:
Skipping target "CoreCompile" because all output files are up-to-date with respect to the input files.
CopyFilesToOutputDirectory:
  VelerSoftware.SZC35 -> C:\Users\hany_\Desktop\SoftwareZator-2012\DLL COMPILE\VelerSoftware.SZC35.dll
Done Building Project "C:\Users\hany_\Desktop\SoftwareZator-2012\DLL\VelerSoftware.SZC35\VelerSoftware.SZC35.csproj" (default targets).
Project "C:\Users\hany_\Desktop\SoftwareZator-2012\DLL\VelerSoftware.Plugins3\VelerSoftware.Plugins3.vbproj" (8:2) is building "C:\Users\hany_\Desktop\SoftwareZator-2012\DLL\VelerSoftware.SZC\VelerSoftware.SZC.csproj" (10:3) on node 1 (default targets).
Project "C:\Users\hany_\Desktop\SoftwareZator-2012\DLL\VelerSoftware.SZC\VelerSoftware.SZC.csproj" (10:3) is building "C:\Users\hany_\Desktop\SoftwareZator-2012\DLL\VelerSoftware.SZVB\VelerSoftware.SZVB.vbproj" (11:4) on node 1 (default targets).
CoreResGen:
  No resources are out of date with respect to their source files. Skipping resource generation.
GenerateTargetFrameworkMonikerAttribute:
Skipping target "GenerateTargetFrameworkMonikerAttribute" because all output files are up-to-date with respect to the input files.
CoreCompile:
Skipping target "CoreCompile" because all output files are up-to-date with respect to the input files.
GenerateSatelliteAssemblies:
Skipping target "GenerateSatelliteAssemblies" because all output files are up-to-date with respect to the input files.
GenerateSatelliteAssemblies:
Skipping target "GenerateSatelliteAssemblies" because all output files are up-to-date with respect to the input files.
CopyFilesToOutputDirectory:
  VelerSoftware.SZVB -> C:\Users\hany_\Desktop\SoftwareZator-2012\DLL COMPILE\VelerSoftware.SZVB.dll
Done Building Project "C:\Users\hany_\Desktop\SoftwareZator-2012\DLL\VelerSoftware.SZVB\VelerSoftware.SZVB.vbproj" (default targets).
CoreResGen:
  No resources are out of date with respect to their source files. Skipping resource generation.
GenerateTargetFrameworkMonikerAttribute:
Skipping target "GenerateTargetFrameworkMonikerAttribute" because all output files are up-to-date with respect to the input files.
CoreCompile:
Skipping target "CoreCompile" because all output files are up-to-date with respect to the input files.
CopyFilesToOutputDirectory:
  VelerSoftware.SZC -> C:\Users\hany_\Desktop\SoftwareZator-2012\DLL COMPILE\VelerSoftware.SZC.dll
Done Building Project "C:\Users\hany_\Desktop\SoftwareZator-2012\DLL\VelerSoftware.SZC\VelerSoftware.SZC.csproj" (default targets).
MainResourcesGeneration:
Skipping target "MainResourcesGeneration" because all output files are up-to-date with respect to the input files.
CoreResGen:
  No resources are out of date with respect to their source files. Skipping resource generation.
GenerateTargetFrameworkMonikerAttribute:
Skipping target "GenerateTargetFrameworkMonikerAttribute" because all output files are up-to-date with respect to the input files.
CoreCompile:
Skipping target "CoreCompile" because all output files are up-to-date with respect to the input files.
GenerateSatelliteAssemblies:
Skipping target "GenerateSatelliteAssemblies" because all output files are up-to-date with respect to the input files.
GenerateSatelliteAssemblies:
Skipping target "GenerateSatelliteAssemblies" because all output files are up-to-date with respect to the input files.
CopyFilesToOutputDirectory:
  VelerSoftware.Plugins3 -> C:\Users\hany_\Desktop\SoftwareZator-2012\DLL COMPILE\VelerSoftware.Plugins3.dll
Done Building Project "C:\Users\hany_\Desktop\SoftwareZator-2012\DLL\VelerSoftware.Plugins3\VelerSoftware.Plugins3.vbproj" (default targets).
GenerateBindingRedirectsUpdateAppConfig:
  Copying file from "C:\Users\hany_\Desktop\SoftwareZator-2012\SoftwareZator 2012 E.P\app.config" to "C:\Users\hany_\Desktop\SoftwareZator-2012\SoftwareZator 2012 E.P\obj\Debug\SoftwareZator 2012.exe.config".
  Touching "obj\Debug\SoftwareZator 2012.exe.config".
CoreResGen:
  No resources are out of date with respect to their source files. Skipping resource generation.
GenerateTargetFrameworkMonikerAttribute:
Skipping target "GenerateTargetFrameworkMonikerAttribute" because all output files are up-to-date with respect to the input files.
CoreCompile:
  C:\Program Files\Microsoft Visual Studio\2022\Community\Msbuild\Current\Bin\Roslyn\vbc.exe /noconfig /imports:Microsoft.VisualBasic,System,System.Collections,System.Collections.Generic,System.Data,System.Drawing,System.Diagnostics,System.Linq,System.Windows.Forms /optioncompare:Binary /optionexplicit+ /optionstrict:custom /nowarn:41999,42016,42017,42018,42019,42020,42021,42022,42032,42036 /optioninfer+ /nostdlib /platform:anycpu32bitpreferred /rootnamespace:SoftwareZator /sdkpath:"C:\Program Files (x86)\Reference Assemblies\Microsoft\Framework\.NETFramework\v4.8" /highentropyva+ /define:"CONFIG=\"Debug\",DEBUG=-1,TRACE=-1,_MyType=\"WindowsForms\",PLATFORM=\"AnyCPU\"" /link:C:\Users\hany_\Desktop\SoftwareZator-2012\packages\Microsoft.Office.Interop.Excel.16.0.18925.20022\lib\net40\Microsoft.Office.Interop.Excel.dll /reference:"C:\Users\hany_\Desktop\SoftwareZator-2012\AUTRE DLL\ComponentFactory.Krypton.Toolkit.dll","C:\Users\hany_\Desktop\SoftwareZator-2012\AUTRE DLL\mysql.data.dll","C:\Program Files (x86)\Reference Assemblies\Microsoft\Framework\.NETFramework\v4.8\PresentationCore.dll","C:\Program Files (x86)\Reference Assemblies\Microsoft\Framework\.NETFramework\v4.8\PresentationFramework.dll","C:\Program Files (x86)\Reference Assemblies\Microsoft\Framework\.NETFramework\v4.8\ReachFramework.dll","C:\Program Files (x86)\Reference Assemblies\Microsoft\Framework\.NETFramework\v4.8\System.Activities.Core.Presentation.dll","C:\Program Files (x86)\Reference Assemblies\Microsoft\Framework\.NETFramework\v4.8\System.Activities.dll","C:\Program Files (x86)\Reference Assemblies\Microsoft\Framework\.NETFramework\v4.8\System.Activities.Presentation.dll","C:\Program Files (x86)\Reference Assemblies\Microsoft\Framework\.NETFramework\v4.8\System.Core.dll","C:\Program Files (x86)\Reference Assemblies\Microsoft\Framework\.NETFramework\v4.8\System.Data.dll","C:\Program Files (x86)\Reference Assemblies\Microsoft\Framework\.NETFramework\v4.8\System.Design.dll","C:\Program Files (x86)\Reference Assemblies\Microsoft\Framework\.NETFramework\v4.8\System.dll","C:\Program Files (x86)\Reference Assemblies\Microsoft\Framework\.NETFramework\v4.8\System.Drawing.dll","C:\Program Files (x86)\Reference Assemblies\Microsoft\Framework\.NETFramework\v4.8\System.Printing.dll","C:\Program Files (x86)\Reference Assemblies\Microsoft\Framework\.NETFramework\v4.8\System.Speech.dll","C:\Program Files (x86)\Reference Assemblies\Microsoft\Framework\.NETFramework\v4.8\System.Web.Extensions.dll","C:\Program Files (x86)\Reference Assemblies\Microsoft\Framework\.NETFramework\v4.8\System.Windows.Forms.DataVisualization.dll","C:\Program Files (x86)\Reference Assemblies\Microsoft\Framework\.NETFramework\v4.8\System.Windows.Forms.dll","C:\Program Files (x86)\Reference Assemblies\Microsoft\Framework\.NETFramework\v4.8\System.Xaml.dll","C:\Program Files (x86)\Reference Assemblies\Microsoft\Framework\.NETFramework\v4.8\System.Xml.dll","C:\Program Files (x86)\Reference Assemblies\Microsoft\Framework\.NETFramework\v4.8\System.Xml.Linq.dll","C:\Users\hany_\Desktop\SoftwareZator-2012\DLL COMPILE\VelerSoftware.Design.Design.dll","C:\Users\hany_\Desktop\SoftwareZator-2012\DLL COMPILE\VelerSoftware.Design.Docking.dll","C:\Users\hany_\Desktop\SoftwareZator-2012\DLL COMPILE\VelerSoftware.Design.Navigator.dll","C:\Users\hany_\Desktop\SoftwareZator-2012\DLL COMPILE\VelerSoftware.Design.Ribbon.dll","C:\Users\hany_\Desktop\SoftwareZator-2012\DLL COMPILE\VelerSoftware.Design.Toolkit.dll","C:\Users\hany_\Desktop\SoftwareZator-2012\DLL COMPILE\VelerSoftware.Design.Workspace.dll","C:\Users\hany_\Desktop\SoftwareZator-2012\DLL COMPILE\VelerSoftware.Plugins3.dll","C:\Users\hany_\Desktop\SoftwareZator-2012\DLL COMPILE\VelerSoftware.SZC.dll","C:\Users\hany_\Desktop\SoftwareZator-2012\DLL COMPILE\VelerSoftware.SZC35.dll","C:\Users\hany_\Desktop\SoftwareZator-2012\DLL COMPILE\VelerSoftware.SZVB.dll","C:\Program Files (x86)\Reference Assemblies\Microsoft\Framework\.NETFramework\v4.8\WindowsBase.dll","C:\Program Files (x86)\Reference Assemblies\Microsoft\Framework\.NETFramework\v4.8\WindowsFormsIntegration.dll" /main:SoftwareZator.My.MyApplication /debug+ /debug:Full /keyfile:StrongVeler.snk /out:"obj\Debug\SoftwareZator 2012.exe" /subsystemversion:6.00 /resource:obj\Debug\SoftwareZator.AjouterBaseAccessExistante.resources /resource:obj\Debug\SoftwareZator.AjouterBaseSQLServerExistante.resources /resource:obj\Debug\SoftwareZator.AjouterBaseMySQLExistante.resources /resource:obj\Debug\SoftwareZator.NouvelleBaseMySQL.resources /resource:obj\Debug\SoftwareZator.NouvelleBaseSQLServer.resources /resource:obj\Debug\SoftwareZator.NouvelleBaseAccess.resources /resource:obj\Debug\SoftwareZator.NouvelleTable.resources /resource:obj\Debug\SoftwareZator.A_Propos_De.resources /resource:obj\Debug\SoftwareZator.Activer.resources /resource:obj\Debug\SoftwareZator.Activation_Evaluation.resources /resource:obj\Debug\SoftwareZator.Changer_Edition.resources /resource:obj\Debug\SoftwareZator.AdvancedInstaller.resources /resource:obj\Debug\SoftwareZator.Erreur.resources /resource:obj\Debug\SoftwareZator.Feedback.resources /resource:obj\Debug\SoftwareZator.Historique_SZ.resources /resource:obj\Debug\SoftwareZator.SplashScreen1.resources /resource:obj\Debug\SoftwareZator.Fermer_Document.resources /resource:obj\Debug\SoftwareZator.Licence.resources /resource:obj\Debug\SoftwareZator.PremierDemarrage.resources /resource:"obj\Debug\SoftwareZator.InfoBarBibliothèqueFonctionsRéutilisablesDansProjetPasPuEtreChargées.resources" /resource:obj\Debug\SoftwareZator.InfoBarEcranDeDemarrageIntrouvable.resources /resource:obj\Debug\SoftwareZator.InfoBarFormulaireDeDemarrageIntrouvable.resources /resource:obj\Debug\SoftwareZator.InfoBarBibliothequesNecessaireAuProjetOntEteSupprimer.resources /resource:obj\Debug\SoftwareZator.ReconnaissanceVocale.resources /resource:obj\Debug\SoftwareZator.Gestionnaire_Plugins.resources /resource:obj\Debug\SoftwareZator.Options.resources /resource:obj\Debug\SoftwareZator.Ajouter_Reference.resources /resource:obj\Debug\SoftwareZator.NouveauProjet.resources /resource:obj\Debug\SoftwareZator.ExporterVisualStudio.resources /resource:obj\Debug\SoftwareZator.ExporterVisualStudioComposant.resources /resource:obj\Debug\SoftwareZator.NouveauDocument.resources /resource:obj\Debug\SoftwareZator.CorrectionErreurs.resources /resource:obj\Debug\SoftwareZator.CreerEvenement.resources /resource:obj\Debug\SoftwareZator.GenerationComponent.resources /resource:obj\Debug\SoftwareZator.Ajouter_Variables.resources /resource:obj\Debug\SoftwareZator.Gestionnaire_Variables.resources /resource:obj\Debug\SoftwareZator.Modifier_Variables.resources /resource:obj\Debug\SoftwareZator.OrdreGeneration.resources /resource:obj\Debug\SoftwareZator.DocConcepteurFenetre.resources /resource:obj\Debug\SoftwareZator.DocConcepteurFenetreErreurs.resources /resource:obj\Debug\SoftwareZator.DocEditeurTable.resources /resource:obj\Debug\SoftwareZator.DocEditeurFonctions.resources /resource:obj\Debug\SoftwareZator.DocStatistiques.resources /resource:obj\Debug\SoftwareZator.DocEditeurFonctionsUserControl.resources /resource:obj\Debug\SoftwareZator.DocEditeurVisualBasic.resources /resource:obj\Debug\SoftwareZator.DocPageDeDemarrage.resources /resource:obj\Debug\SoftwareZator.DocParametresDuProjet.resources /resource:obj\Debug\SoftwareZator.Form1.resources /resource:obj\Debug\SoftwareZator.Custom_Log.resources /resource:obj\Debug\SoftwareZator.Custom.resources /resource:obj\Debug\SoftwareZator.Resources.resources /resource:obj\Debug\SoftwareZator.BoxAideRapide.resources /resource:obj\Debug\SoftwareZator.BoxBoiteAOutils.resources /resource:obj\Debug\SoftwareZator.BoxBasesDonnees.resources /resource:obj\Debug\SoftwareZator.BoxDebogage.resources /resource:obj\Debug\SoftwareZator.BoxReconnaissanceVocale.resources /resource:obj\Debug\SoftwareZator.BoxErreurGeneration.resources /resource:obj\Debug\SoftwareZator.BoxExplorateurSolutions.resources /resource:obj\Debug\SoftwareZator.BoxProprietes.resources /resource:obj\Debug\SoftwareZator.BoxSortie.resources /resource:obj\Debug\SoftwareZator.ActionToolsSelectionnerTypeForm.resources /resource:"obj\Debug\SoftwareZator.ActionToolsSelectionnerCOntrolePropriétéForm.resources" /target:winexe /utf8output /win32icon:SZ.ico /win32manifest:"My Project\app.manifest" ApplicationEvents.vb Autre\Application\Class_Application.vb Autre\AI\AIAction.vb Autre\AI\AIController.vb Autre\AI\AIAssistantPanel.Designer.vb Autre\AI\AIAssistantPanel.vb Autre\Application\Class_Log_Projet.vb "Autre\Bases de données\Ajouter une base de données Access existante\Ajouter_Base_Access_Existante.Designer.vb" "Autre\Bases de données\Ajouter une base de données Access existante\Ajouter_Base_Access_Existante.vb" "Autre\Bases de données\Ajouter une base de données SQL Server existante\Ajouter_Base_SQLServer_Existante.Designer.vb" "Autre\Bases de données\Ajouter une base de données SQL Server existante\Ajouter_Base_SQLServer_Existante.vb" "Autre\Bases de données\Class_Bases_De_Donnees.vb" "Autre\Bases de données\Class_Bases_De_Donnees_SQLServer.vb" "Autre\Bases de données\Class_Bases_De_Donnees_MySQL.vb" "Autre\Bases de données\Ajouter une base de données MySQL existante\Ajouter_Base_MySQL_Existante.Designer.vb" "Autre\Bases de données\Ajouter une base de données MySQL existante\Ajouter_Base_MySQL_Existante.vb" "Autre\Bases de données\Nouvelle base de données MySQL\Nouvelle_Base_MySQL.Designer.vb" "Autre\Bases de données\Nouvelle base de données MySQL\Nouvelle_Base_MySQL.vb" "Autre\Bases de données\Nouvelle base de données SQL Server\Nouvelle_Base_SQLServer.Designer.vb" "Autre\Bases de données\Nouvelle base de données SQL Server\Nouvelle_Base_SQLServer.vb" "Autre\Bases de données\Nouvelle base de données Access\Nouvelle_Base_Access.Designer.vb" "Autre\Bases de données\Nouvelle base de données Access\Nouvelle_Base_Access.vb" "Autre\Bases de données\Nouvelle table\Nouvelle_Table.Designer.vb" "Autre\Bases de données\Nouvelle table\Nouvelle_Table.vb" "Autre\Divers\A Propos De\A_Propos_De.Designer.vb" "Autre\Divers\A Propos De\A_Propos_De.vb" Autre\Divers\Activation\Activer\Activer.Designer.vb Autre\Divers\Activation\Activer\Activer.vb Autre\Divers\Activation\Class_Licence.vb Autre\Divers\Activation\Evaluation\Activation_Evaluation.Designer.vb Autre\Divers\Activation\Evaluation\Activation_Evaluation.vb "Autre\Divers\Activation\Changer d'édition\Changer_Edition.Designer.vb" "Autre\Divers\Activation\Changer d'édition\Changer_Edition.vb" "Autre\Divers\Advanced Installer\AdvancedInstaller.Designer.vb" "Autre\Divers\Advanced Installer\AdvancedInstaller.vb" Autre\Divers\Erreur\Erreur.Designer.vb Autre\Divers\Erreur\Erreur.vb Autre\Divers\Feedback\Feedback.Designer.vb Autre\Divers\Feedback\Feedback.vb "Autre\Divers\Historique de SZ\Historique_SZ.Designer.vb" "Autre\Divers\Historique de SZ\Historique_SZ.vb" "Autre\Divers\Ecran de Démarrage\SplashScreen1.Designer.vb" "Autre\Divers\Ecran de Démarrage\SplashScreen1.vb" "Autre\Divers\Fermer Document\Fermer_Document.Designer.vb" "Autre\Divers\Fermer Document\Fermer_Document.vb" Autre\Divers\Licence\Licence.Designer.vb Autre\Divers\Licence\Licence.vb "Autre\Divers\Premier Demarrage\Premier_Demarrage.Designer.vb" "Autre\Divers\Premier Demarrage\Premier_Demarrage.vb" Autre\Fichiers\Class_Fichier.vb "Autre\Info Bar\InfoBar_Bibliothèque_Fonctions_Réutilisables_Dans_Projet_Pas_Pu_Etre_Chargées.Designer.vb" "Autre\Info Bar\InfoBar_Bibliothèque_Fonctions_Réutilisables_Dans_Projet_Pas_Pu_Etre_Chargées.vb" "Autre\Info Bar\InfoBar_Ecran_De_Demarrage_Introuvable.Designer.vb" "Autre\Info Bar\InfoBar_Ecran_De_Demarrage_Introuvable.vb" "Autre\Info Bar\InfoBar_Formulaire_DE_Demarrage_Introuvable.Designer.vb" "Autre\Info Bar\InfoBar_Formulaire_DE_Demarrage_Introuvable.vb" "Autre\Info Bar\InfoBar_Bibliotheques_Necessaire_Au_Projet_Ont_Ete_Supprimer.Designer.vb" "Autre\Info Bar\InfoBar_Bibliotheques_Necessaire_Au_Projet_Ont_Ete_Supprimer.vb" "Autre\Outils\Configurer la reconnaissance vocale\ReconnaissanceVocale.Designer.vb" "Autre\Outils\Configurer la reconnaissance vocale\ReconnaissanceVocale.vb" "Autre\Outils\Gestionnaire de plugins\Gestionnaire_Plugins.Designer.vb" "Autre\Outils\Gestionnaire de plugins\Gestionnaire_Plugins.vb" Autre\Outils\Options\Options.Designer.vb Autre\Outils\Options\Options.vb "Autre\Projet\Ajouter une référence\Ajouter_Reference.Designer.vb" "Autre\Projet\Ajouter une référence\Ajouter_Reference.vb" Autre\Projet\Class_Projet.vb "Autre\Projet\Nouveau projet\NouveauProjet.Designer.vb" "Autre\Projet\Nouveau projet\NouveauProjet.vb" "Autre\Projet\Exporter le projet vers Visual Studio\ExporterVisualStudio.Designer.vb" "Autre\Projet\Exporter le projet vers Visual Studio\ExporterVisualStudio.vb" "Autre\Projet\Exporter le projet vers Visual Studio\ExporterVisualStudioComposant.Designer.vb" "Autre\Projet\Exporter le projet vers Visual Studio\ExporterVisualStudioComposant.vb" "Autre\Projet\Nouveau document\NouveauDocument.Designer.vb" "Autre\Projet\Nouveau document\NouveauDocument.vb" "Autre\Projet\Correction d'erreurs de génération\Correction_Erreurs.Designer.vb" "Autre\Projet\Correction d'erreurs de génération\Correction_Erreurs.vb" "Autre\Projet\Créer un évènement\CreerEvenement.Designer.vb" "Autre\Projet\Créer un évènement\CreerEvenement.vb" Autre\Projet\GenerationComponent.Designer.vb Autre\Projet\GenerationComponent.vb "Autre\Projet\Gestionnaire de variables\Ajouter une variable\Ajouter_Variables.Designer.vb" "Autre\Projet\Gestionnaire de variables\Ajouter une variable\Ajouter_Variables.vb" "Autre\Projet\Gestionnaire de variables\Gestionnaire_Variables.Designer.vb" "Autre\Projet\Gestionnaire de variables\Gestionnaire_Variables.vb" "Autre\Projet\Gestionnaire de variables\Modifier une variable\Modifier_Variables.Designer.vb" "Autre\Projet\Gestionnaire de variables\Modifier une variable\Modifier_Variables.vb" "Autre\Projet\Ordre de génération\Ordre_Generation.Designer.vb" "Autre\Projet\Ordre de génération\Ordre_Generation.vb" "Documents\Concepteur de fenêtre\DocConcepteurFenetre.Designer.vb" "Documents\Concepteur de fenêtre\DocConcepteurFenetre.vb" "Documents\Concepteur de fenêtre\DocConcepteurFenetreErreurs.Designer.vb" "Documents\Concepteur de fenêtre\DocConcepteurFenetreErreurs.vb" "Documents\Editeur de table\DocEditeurTable.Designer.vb" "Documents\Editeur de table\DocEditeurTable.vb" "Documents\Editeur de fonctions\DocEditeurFonctions.Designer.vb" "Documents\Editeur de fonctions\DocEditeurFonctions.vb" Documents\Statistiques\DocStatistiques.Designer.vb Documents\Statistiques\DocStatistiques.vb "Documents\Editeur de fonctions\DocEditeurFonctionsUserControl.Designer.vb" "Documents\Editeur de fonctions\DocEditeurFonctionsUserControl.vb" "Documents\Editeur de Visual Basic.Net\DocEditeurVisualBasic.Designer.vb" "Documents\Editeur de Visual Basic.Net\DocEditeurVisualBasic.vb" "Documents\Page de démarrage\DocPageDeDemarrage.Designer.vb" "Documents\Page de démarrage\DocPageDeDemarrage.vb" "Documents\Paramètres du projets\DocParametresDuProjet.Designer.vb" "Documents\Paramètres du projets\DocParametresDuProjet.vb" Form1.vb Form1.Designer.vb Localisation\Custom_Log.Designer.vb Localisation\Custom.Designer.vb Localisation\Custom_Log.en.Designer.vb Localisation\Custom_Log.en1.Designer.vb Localisation\Custom_Log.fr.Designer.vb Localisation\Custom.en.Designer.vb Localisation\Custom.fr.Designer.vb Localisation\Custom_Log.fr1.Designer.vb "My Project\AssemblyInfo.vb" "My Project\Application.Designer.vb" "My Project\Resources.Designer.vb" "My Project\Settings.Designer.vb" "Panneaux\Aide rapide\Box_Aide_Rapide.Designer.vb" "Panneaux\Aide rapide\Box_Aide_Rapide.vb" "Panneaux\Boîte à outils\Box_Boite_A_Outils.Designer.vb" "Panneaux\Boîte à outils\Box_Boite_A_Outils.vb" "Panneaux\Bases de données\Box_Bases_Donnees.Designer.vb" "Panneaux\Bases de données\Box_Bases_Donnees.vb" "Panneaux\Débogage\Box_Debogage.Designer.vb" "Panneaux\Débogage\Box_Debogage.vb" "Panneaux\Reconnaissance vocale\Box_Reconnaissance_Vocale.Designer.vb" "Panneaux\Reconnaissance vocale\Box_Reconnaissance_Vocale.vb" "Panneaux\Erreurs de génération\Box_Erreur_Generation.Designer.vb" "Panneaux\Erreurs de génération\Box_Erreur_Generation.vb" "Panneaux\Explorateur de solutions\Box_Explorateur_Solutions.Designer.vb" "Panneaux\Explorateur de solutions\Box_Explorateur_Solutions.vb" "Panneaux\Propriétés\Box_Proprietes.Designer.vb" "Panneaux\Propriétés\Box_Proprietes.vb" Panneaux\Simulator\Box_Simulator.Designer.vb Panneaux\Simulator\Box_Simulator.vb Panneaux\Sortie\Box_Sortie.Designer.vb Panneaux\Sortie\Box_Sortie.vb Plugins\ActionToolsSelectionnerTypeForm.Designer.vb Plugins\ActionToolsSelectionnerTypeForm.vb Plugins\Class_ActionTools.vb Plugins\Class_PluginServices.vb "Plugins\ActionToolsSelectionnerControlePropriétéForm.Designer.vb" "Plugins\ActionToolsSelectionnerControlePropriétéForm.vb" Settings.vb Variables.vb "obj\Debug\.NETFramework,Version=v4.8.AssemblyAttributes.vb"
C:\Users\hany_\Desktop\SoftwareZator-2012\SoftwareZator 2012 E.P\Panneaux\Simulator\Box_Simulator.vb(86,9): error BC30451: 'AIControllerLogic' is not declared. It may be inaccessible due to its protection level. [C:\Users\hany_\Desktop\SoftwareZator-2012\SoftwareZator 2012 E.P\SoftwareZator 2012.vbproj]
C:\Users\hany_\Desktop\SoftwareZator-2012\SoftwareZator 2012 E.P\Panneaux\Simulator\Box_Simulator.vb(91,13): error BC30451: 'AIControllerLogic' is not declared. It may be inaccessible due to its protection level. [C:\Users\hany_\Desktop\SoftwareZator-2012\SoftwareZator 2012 E.P\SoftwareZator 2012.vbproj]
  CompilerServer: server - server processed compilation - SoftwareZator 2012
Done Building Project "C:\Users\hany_\Desktop\SoftwareZator-2012\SoftwareZator 2012 E.P\SoftwareZator 2012.vbproj" (Build target(s)) -- FAILED.

Build FAILED.

"C:\Users\hany_\Desktop\SoftwareZator-2012\SoftwareZator 2012 E.P\SoftwareZator 2012.vbproj" (Build target) (1) ->
(CoreCompile target) -> 
  C:\Users\hany_\Desktop\SoftwareZator-2012\SoftwareZator 2012 E.P\Panneaux\Simulator\Box_Simulator.vb(86,9): error BC30451: 'AIControllerLogic' is not declared. It may be inaccessible due to its protection level. [C:\Users\hany_\Desktop\SoftwareZator-2012\SoftwareZator 2012 E.P\SoftwareZator 2012.vbproj]
  C:\Users\hany_\Desktop\SoftwareZator-2012\SoftwareZator 2012 E.P\Panneaux\Simulator\Box_Simulator.vb(91,13): error BC30451: 'AIControllerLogic' is not declared. It may be inaccessible due to its protection level. [C:\Users\hany_\Desktop\SoftwareZator-2012\SoftwareZator 2012 E.P\SoftwareZator 2012.vbproj]

    0 Warning(s)
    2 Error(s)

Time Elapsed 00:00:01.53
